[poll 1] [chunked-render] 561/562 chunks done
[poll 2] [chunked-render] 561/562 chunks done
[poll 3]   [chunk 360-479] attempt 2/6 failed, retrying…
[poll 4] [chunked-render] concatenating…
[poll 5] [chunked-render] concatenating…
[poll 6] [chunked-render] concatenating…
[poll 7] [chunked-render] concatenating…
[poll 8] [chunked-render] concatenating…
[poll 9] [chunked-render] concatenating…
[poll 10] [chunked-render] concatenating…
[poll 11] [chunked-render] concatenating…
[poll 12] [chunked-render] concatenating…
[poll 13] [chunked-render] concatenating…
[poll 14] [chunked-render] concatenating…
[poll 15] [chunked-render] concatenating…
[poll 16] [chunked-render] concatenating…
[poll 17] [chunked-render] concatenating…
[poll 18] [chunked-render] concatenating…
[poll 19] [chunked-render] concatenating…
[poll 20] [chunked-render] concatenating…
[poll 21] [chunked-render] concatenating…
[poll 22] [chunked-render] concatenating…
[poll 23] [chunked-render] concatenating…
[poll 24] [chunked-render] concatenating…
[poll 25] [chunked-render] concatenating…
[poll 26] [chunked-render] concatenating…
[poll 27] [chunked-render] concatenating…
[poll 28] [chunked-render] frame count verified: 67351 == 67351
[poll 29] [chunked-render] frame count verified: 67351 == 67351
[poll 30] [chunked-render] frame count verified: 67351 == 67351
[poll 31] [chunked-render] frame count verified: 67351 == 67351
[poll 32] [chunked-render] frame count verified: 67351 == 67351
[poll 33] [chunked-render] frame count verified: 67351 == 67351
[poll 34] [chunked-render] frame count verified: 67351 == 67351
[poll 35] [chunked-render] frame count verified: 67351 == 67351
MASTER EXISTS — fetching
ERROR: [0] Error during local connection to [stdin]: 
Traceback (most recent call last):
  File "/opt/homebrew/Caskroom/gcloud-cli/569.0.0/google-cloud-sdk/lib/googlecloudsdk/command_lib/compute/iap_tunnel.py", line 824, in RunReceiveLocalData
    websocket_conn.Send(data)
    ~~~~~~~~~~~~~~~~~~~^^^^^^
  File "/opt/homebrew/Caskroom/gcloud-cli/569.0.0/google-cloud-sdk/lib/googlecloudsdk/api_lib/compute/iap_tunnel_websocket.py", line 169, in Send
    self._EnqueueBytesWithWaitForReconnect(first_to_send)
    ~~~~~~~~~~~~~~~~~~~~~~~~~~~~~~~~~~~~~~^^^^^^^^^^^^^^^
  File "/opt/homebrew/Caskroom/gcloud-cli/569.0.0/google-cloud-sdk/lib/googlecloudsdk/api_lib/compute/iap_tunnel_websocket.py", line 249, in _EnqueueBytesWithWaitForReconnect
    raise ConnectionReconnectTimeout()
googlecloudsdk.api_lib.compute.iap_tunnel_websocket.ConnectionReconnectTimeout
