NOTE: episode was built at speed 0.97; you passed 0.96 — mixed clips will have an audible cadence jump. Use --force to re-synth ALL clips at the new speed.
->  sting1.mp3 (35152b, polished)
->  t1.mp3 (247684b, polished)
->  t0a.mp3 (261477b, polished)
->  t2.mp3 (211322b, polished)
->  c1.mp3 (71515b, polished)
->  a1.mp3 (144240b, polished)
->  a2.mp3 (203799b, polished)
->  a3.mp3 (347995b, polished)
->  a4.mp3 (186244b, polished)
->  a5.mp3 (196275b, polished)
->  a6.mp3 (216964b, polished)
->  a7.mp3 (136716b, polished)
->  a8.mp3 (301601b, polished)
->  a9.mp3 (201918b, polished)
->  a10.mp3 (232638b, polished)
->  a11.mp3 (82800b, polished)
->  a12.mp3 (337964b, polished)
->  a13.mp3 (50199b, polished)
->  a14.mp3 (263358b, polished)
->  a15.mp3 (173079b, polished)
->  a16.mp3 (209441b, polished)
->  a17.mp3 (124804b, polished)
->  a18.mp3 (225115b, polished)
->  c2.mp3 (65872b, polished)
->  b1.mp3 (336083b, polished)
->  b2.mp3 (311632b, polished)
->  b3.mp3 (73395b, polished)
->  b4.mp3 (330440b, polished)
->  b5.mp3 (144240b, polished)
->  b6.mp3 (109758b, polished)
->  b7.mp3 (403792b, polished)
->  b8.mp3 (124804b, polished)
->  b9.mp3 (98473b, polished)
->  b10.mp3 (232638b, polished)
->  b11.mp3 (257715b, polished)
->  b12.mp3 (98473b, polished)
->  b13.mp3 (84680b, polished)
->  b14.mp3 (129193b, polished)
->  b15.mp3 (194395b, polished)
->  b16.mp3 (178721b, polished)
->  b17.mp3 (282793b, polished)
->  b18.mp3 (148001b, polished)
->  b19.mp3 (219472b, polished)
->  b20.mp3 (82800b, polished)
->  b21.mp3 (321036b, polished)
->  b22.mp3 (245804b, polished)
->  c3.mp3 (50199b, polished)
->  d1.mp3 (186244b, polished)
->  d2.mp3 (336083b, polished)
->  d3.mp3 (373072b, polished)
->  d4.mp3 (228876b, polished)
->  d5.mp3 (23240b, polished)
->  d6.mp3 (129193b, polished)
->  d7.mp3 (274643b, polished)
->  d8.mp3 (247684b, polished)
->  d9.mp3 (98473b, polished)
->  d10.mp3 (374953b, polished)
->  d11.mp3 (282793b, polished)
->  d12.mp3 (169317b, polished)
->  d13.mp3 (207560b, polished)
->  d14.mp3 (144240b, polished)
->  d15.mp3 (359280b, polished)
->  d16.mp3 (198156b, polished)
->  d17.mp3 (250192b, polished)
->  d18.mp3 (65872b, polished)
->  d19.mp3 (107877b, polished)
->  d20.mp3 (225115b, polished)
->  d21.mp3 (245804b, polished)
->  d22.mp3 (167436b, polished)
->  c4.mp3 (77157b, polished)
->  e1.mp3 (88442b, polished)
->  e2.mp3 (111639b, polished)
->  e3.mp3 (75276b, polished)
->  e4.mp3 (252073b, polished)
->  e5.mp3 (79038b, polished)
->  e6.mp3 (299720b, polished)
->  e7.mp3 (184364b, polished)
->  e8.mp3 (292197b, polished)
->  e9.mp3 (174960b, polished)
->  e10.mp3 (242042b, polished)
->  c5.mp3 (63364b, polished)
->  f1.mp3 (124804b, polished)
->  f2.mp3 (182483b, polished)
->  f3.mp3 (55841b, polished)
->  f4.mp3 (171198b, polished)
->  f5.mp3 (238280b, polished)
->  f6.mp3 (186244b, polished)
->  f7.mp3 (238280b, polished)
->  f8.mp3 (165555b, polished)
->  f9.mp3 (263358b, polished)
->  f10.mp3 (140478b, polished)
->  f11.mp3 (286555b, polished)
->  f12.mp3 (146120b, polished)
->  f13.mp3 (207560b, polished)
->  f14.mp3 (361160b, polished)
->  f15.mp3 (211322b, polished)
->  c6.mp3 (77157b, polished)
->  g1.mp3 (149882b, polished)
->  g2.mp3 (194395b, polished)
->  g3.mp3 (309124b, polished)
->  g4.mp3 (115400b, polished)
->  g5.mp3 (146120b, polished)
->  g6.mp3 (211322b, polished)
->  g7.mp3 (259596b, polished)
->  g8.mp3 (232638b, polished)
->  g9.mp3 (176840b, polished)
->  g10.mp3 (391880b, polished)
->  g11.mp3 (161794b, polished)
->  g12.mp3 (263358b, polished)
->  g13.mp3 (69634b, polished)
->  g14.mp3 (226995b, polished)
->  g15.mp3 (209441b, polished)
->  g16.mp3 (173079b, polished)
->  g17.mp3 (165555b, polished)
->  g18.mp3 (317275b, polished)
->  g19.mp3 (158032b, polished)
->  g20.mp3 (211322b, polished)
->  g21.mp3 (138597b, polished)
->  g22.mp3 (223234b, polished)
->  g23.mp3 (184364b, polished)
->  g24.mp3 (194395b, polished)
->  c7.mp3 (65872b, polished)
->  i1.mp3 (184364b, polished)
->  i2.mp3 (211322b, polished)
->  i3.mp3 (119162b, polished)
->  i4.mp3 (161794b, polished)
->  i5.mp3 (82800b, polished)
->  i6.mp3 (57722b, polished)
->  i7.mp3 (192514b, polished)
->  i8.mp3 (109758b, polished)
->  i9.mp3 (186244b, polished)
->  i10.mp3 (203799b, polished)
->  i11.mp3 (119162b, polished)
->  i12.mp3 (269000b, polished)
->  i13.mp3 (176840b, polished)
->  i14.mp3 (205680b, polished)
->  c8.mp3 (53960b, polished)
->  j1.mp3 (144240b, polished)
->  j2.mp3 (184364b, polished)
->  j3.mp3 (276524b, polished)
->  j4.mp3 (186244b, polished)
->  j5.mp3 (226995b, polished)
->  j6.mp3 (90323b, polished)
->  j7.mp3 (315394b, polished)
->  j8.mp3 (23240b, polished)
->  j9.mp3 (330440b, polished)
->  j10.mp3 (238280b, polished)
->  j11.mp3 (226995b, polished)
->  j12.mp3 (303482b, polished)
->  j13.mp3 (98473b, polished)
->  j14.mp3 (274643b, polished)
->  j15.mp3 (176840b, polished)
->  j16.mp3 (159913b, polished)
->  j17.mp3 (263358b, polished)
->  j18.mp3 (198156b, polished)
->  j19.mp3 (149882b, polished)
->  j20.mp3 (294078b, polished)
->  j21.mp3 (216964b, polished)
->  j22.mp3 (225115b, polished)
->  j23.mp3 (79038b, polished)
->  c9.mp3 (73395b, polished)
->  k1.mp3 (129193b, polished)
->  k2.mp3 (290316b, polished)
->  k3.mp3 (94084b, polished)
->  k4.mp3 (171198b, polished)
->  k5.mp3 (169317b, polished)
->  k6.mp3 (86561b, polished)
->  k7.mp3 (328560b, polished)
->  k8.mp3 (201918b, polished)
->  k9.mp3 (230757b, polished)
->  c10.mp3 (77157b, polished)
->  l1.mp3 (134835b, polished)
->  l2.mp3 (250192b, polished)
->  l3.mp3 (140478b, polished)
->  l4.mp3 (226995b, polished)
->  l5.mp3 (188752b, polished)
->  l6.mp3 (265239b, polished)
->  l7.mp3 (138597b, polished)
->  l8.mp3 (65872b, polished)
->  l9.mp3 (366803b, polished)
->  l10.mp3 (211322b, polished)
->  l11.mp3 (188752b, polished)
->  l12.mp3 (299720b, polished)
->  l13.mp3 (294078b, polished)
->  l14.mp3 (213203b, polished)
->  l15.mp3 (230757b, polished)
->  l16.mp3 (315394b, polished)
->  l17.mp3 (337964b, polished)
->  l18.mp3 (194395b, polished)
->  c11.mp3 (59603b, polished)
->  m1.mp3 (265239b, polished)
->  m2.mp3 (267120b, polished)
->  m3.mp3 (159913b, polished)
->  m4.mp3 (194395b, polished)
->  m5.mp3 (272762b, polished)
->  m6.mp3 (121043b, polished)
->  m7.mp3 (173079b, polished)
->  m8.mp3 (353637b, polished)
->  m9.mp3 (232638b, polished)
->  m10.mp3 (122924b, polished)
->  c12.mp3 (55841b, polished)
->  n1.mp3 (238280b, polished)
->  n2.mp3 (270881b, polished)
->  n3.mp3 (278404b, polished)
->  n4.mp3 (100354b, polished)
->  n5.mp3 (347995b, polished)
->  n6.mp3 (127312b, polished)
->  n7.mp3 (105996b, polished)
->  n8.mp3 (299720b, polished)
->  n9.mp3 (102235b, polished)
->  n10.mp3 (194395b, polished)
->  n11.mp3 (288435b, polished)
->  n12.mp3 (209441b, polished)
->  o1.mp3 (98473b, polished)
->  o2.mp3 (413196b, polished)
->  o5.mp3 (250192b, polished)
->  o6.mp3 (376834b, polished)
->  o7.mp3 (169317b, polished)
->  o8.mp3 (190633b, polished)
->  o9.mp3 (178721b, polished)
->  o10.mp3 (270881b, polished)
->  o11.mp3 (317275b, polished)
->  o12.mp3 (140478b, polished)
->  p1.mp3 (188752b, polished)
->  p2.mp3 (272762b, polished)
->  p3.mp3 (184364b, polished)

235 clips · narration 31.8 min · manifest -> biosphere2.manifest.json
